app/api/driver/accept/route.ts(31,13): error TS2353: Object literal may only specify known properties, and 'acceptedAt' does not exist in type '(Without<RideUpdateManyMutationInput, RideUncheckedUpdateManyInput> & RideUncheckedUpdateManyInput) | (Without<...> & RideUpdateManyMutationInput)'.
